{"status":200,"cache-control":null}
{"items":[{"id":2,"slug":"2","title":"ukraine、sanctions","dateShortCN":"{D-20 月日}","excerpt":"Talks stalled as sanctions widened and tariffs rose.","storyCount":1,"readingMinutes":1,"topics":["ukraine","sanctions"]},{"id":1,"slug":"1","title":"ukraine, energy prices","dateShortCN":"{D-25 月日}","excerpt":null,"storyCount":2,"readingMinutes":1,"topics":["ukraine","energy prices"]}],"matched":2,"total":8,"earliestDateCN":"{D-25 年月日}"}
