{"status":200,"cache-control":null}
{"id":1,"slug":"1","title":"ukraine, energy prices","createdAt":"{D-25}T12:00:00.000Z","dateCN":"{D-25 年月日}","tldrProse":null,"sections":[{"id":"section-2","heading":"europe","leadHtml":"","stories":[{"id":"story-1","title":"ukraine peace talks","leadHtml":"<p>Negotiators met in Geneva.</p>","restHtml":"<p>A second round is planned.</p>","headline":true},{"id":"story-2","title":"energy prices","leadHtml":"<p>Gas prices fell 3%.</p>","restHtml":"","headline":true}]}],"storyCount":2,"readingMinutes":1,"usedArticles":4,"usedSources":2,"sources":[{"name":"Alpha News","articles":[{"title":"alpha article 01","url":"https://alpha.example.com/01"},{"title":"alpha article 02","url":"https://alpha.example.com/02"},{"title":"alpha article 03","url":"https://alpha.example.com/03"}]},{"name":"Beta Wire","articles":[{"title":"beta article 104","url":"https://beta.example.com/104"}]}],"sourceArticleCount":4}
