{"status":200,"cache-control":null}
{"items":[{"id":6,"slug":"6","title":"gaza talks","dateShortLabel":"{D-2 short}","excerpt":"Talks moved to Cairo.","storyCount":1,"readingMinutes":1,"topics":["gaza talks"]},{"id":5,"slug":"5","title":"wildfires, europe","dateShortLabel":"{D-3 short}","excerpt":"Fires spread across southern Europe.","storyCount":2,"readingMinutes":1,"topics":["wildfires","europe"]},{"id":4,"slug":"4","title":"iran oil","dateShortLabel":"{D-4 short}","excerpt":"Iran oil exports fell sharply this week, according to shipping data compiled by several independent trackers, and analysts expect further declines as new sancti…","storyCount":2,"readingMinutes":1,"topics":["iran oil"]}],"matched":8,"total":8,"earliestDateLabel":"{D-25 long}"}
