{"status":200,"cache-control":null}
{"id":2,"slug":"2","title":"ukraine、sanctions","createdAt":"{D-20}T12:00:00.000Z","dateCN":"{D-20 年月日}","tldrProse":"Talks stalled as sanctions widened and tariffs rose.","sections":[{"id":"section-1","heading":"","leadHtml":"<p>An intro paragraph with no heading.</p>","stories":[{"id":"story-1","title":"sanctions widen","leadHtml":"<p>The EU added 12 entities.</p>","restHtml":"<p>Officials said more would follow.</p>","headline":true}]},{"id":"section-2","heading":"noteworthy &amp; under-reported","leadHtml":"<ul>\n<li>There are no clusters related to China in the provided 本期采集到的数据.</li>\n<li>A dam report was released.</li>\n</ul>","stories":[]}],"storyCount":1,"readingMinutes":1,"usedArticles":2,"usedSources":1,"sources":[{"name":"Beta Wire","articles":[{"title":"beta article 104","url":"https://beta.example.com/104"},{"title":"beta article 106","url":"https://beta.example.com/106"}]}],"sourceArticleCount":2}
