{"status":200,"cache-control":null}
{"items":[{"id":3,"slug":"3","title":"gaza, markets, ai, elections, fires, rates, extra topic","dateShortCN":"{D-6 月日}","excerpt":"A quiet day. Markets beat 100% of the forecast.","storyCount":4,"readingMinutes":1,"topics":["gaza","markets","ai","elections","fires","rates"]}],"matched":1,"total":8,"earliestDateCN":"{D-25 年月日}"}
