{"status":200,"cache-control":null}
{"items":[{"id":6,"slug":"6","title":"gaza talks","dateShortCN":"{D-2 月日}","excerpt":"Talks moved to Cairo.","storyCount":1,"readingMinutes":1,"topics":["gaza talks"]},{"id":5,"slug":"5","title":"wildfires, europe","dateShortCN":"{D-3 月日}","excerpt":"Fires spread across southern Europe.","storyCount":2,"readingMinutes":1,"topics":["wildfires","europe"]},{"id":4,"slug":"4","title":"iran oil","dateShortCN":"{D-4 月日}","excerpt":"Iran oil exports fell sharply this week, according to shipping data compiled by several independent trackers, and analysts expect further declines as new sancti…","storyCount":2,"readingMinutes":1,"topics":["iran oil"]}],"matched":8,"total":8,"earliestDateCN":"{D-25 年月日}"}
