{"status":200,"cache-control":null}
{"country":"IL","name":"Israel","section":"mention","total":1,"items":[{"id":3,"title":"iran sanctions","bodyHtml":"<p>New sanctions were announced.</p>","tier":"lead","briefNumber":7,"dateLabel":"{D-1 long}","href":"/briefs/7#story-2","placedIn":null,"alsoInvolves":["Iran"]}]}
