{"status":200,"cache-control":null}
{"total":4,"items":[{"id":2,"title":"hostage deal","bodyHtml":"<p>A deal was reached.</p>","tier":"lead","briefNumber":7,"dateLabel":"{D-1 long}","href":"/briefs/7#story-1","briefCreatedAt":"{D-1}T12:00:00.000Z","matches":[{"kind":"country","label":"Israel","href":"/countries/IL","involved":false}]},{"id":3,"title":"iran sanctions","bodyHtml":"<p>New sanctions were announced.</p>","tier":"lead","briefNumber":7,"dateLabel":"{D-1 long}","href":"/briefs/7#story-2","briefCreatedAt":"{D-1}T12:00:00.000Z","matches":[{"kind":"country","label":"Israel","href":"/countries/IL","involved":true},{"kind":"thread","label":"Iran — new sanctions","href":"/stories/2","involved":false}]}],"threads":[{"id":2,"title":"Iran — new sanctions"}]}
