{"status":200,"cache-control":null}
{"id":3,"title":"Europe — Greek fires","status":"active","escalating":false,"summary":"Fires spread in Greece · Evacuations ordered","durationDays":4,"briefCount":2,"entryCount":2,"updateLabel":"3 天前更新","firstSeenCN":"{D-6 年月日}","lastSeenCN":"{D-3 年月日}","entries":[{"id":9,"dateShortCN":"{D-3 月日}","title":"Europe — Greek fires","description":"Fires spread in Greece · Evacuations ordered","briefSlug":"5","briefNumber":5,"disputed":false},{"id":10,"dateShortCN":"{D-3 月日}","title":"Europe — fire smoke","description":"Smoke reached Italy","briefSlug":"5","briefNumber":5,"disputed":true},{"id":11,"dateShortCN":"{D-3 月日}","title":"Europe — fire insurance","description":"","briefSlug":"5","briefNumber":5,"disputed":true},{"id":5,"dateShortCN":"{D-6 月日}","title":"Europe — wildfires spread","description":"Fires spread in Greece · Evacuations ordered","briefSlug":"3","briefNumber":3,"disputed":false}]}
