{"status":200,"cache-control":null}
{"id":3,"title":"Europe — Greek fires","status":"active","escalating":false,"summary":"Fires spread in Greece · Evacuations ordered","durationDays":4,"briefCount":2,"entryCount":2,"updateLabel":"Updated 3 days ago","firstSeenLabel":"{D-6 long}","lastSeenLabel":"{D-3 long}","entries":[{"id":9,"dateShortLabel":"{D-3 short}","title":"Europe — Greek fires","description":"Fires spread in Greece · Evacuations ordered","briefSlug":"5","briefNumber":5,"disputed":false},{"id":10,"dateShortLabel":"{D-3 short}","title":"Europe — fire smoke","description":"Smoke reached Italy","briefSlug":"5","briefNumber":5,"disputed":true},{"id":11,"dateShortLabel":"{D-3 short}","title":"Europe — fire insurance","description":"","briefSlug":"5","briefNumber":5,"disputed":true},{"id":5,"dateShortLabel":"{D-6 short}","title":"Europe — wildfires spread","description":"Fires spread in Greece · Evacuations ordered","briefSlug":"3","briefNumber":3,"disputed":false}]}
