{"status":200,"cache-control":null}
{"id":4,"title":"Ukraine — sanctions widen","status":"dormant","escalating":false,"summary":"","durationDays":6,"briefCount":2,"entryCount":2,"updateLabel":"20 天前更新","firstSeenCN":"{D-25 年月日}","lastSeenCN":"{D-20 年月日}","entries":[{"id":3,"dateShortCN":"{D-20 月日}","title":"Ukraine — sanctions widen","description":"","briefSlug":"2","briefNumber":2,"disputed":false},{"id":1,"dateShortCN":"{D-25 月日}","title":"Ukraine — peace talks","description":"","briefSlug":"1","briefNumber":1,"disputed":false}]}
