{"status":200,"cache-control":null}
{"id":1,"title":"Gaza — ceasefire holds","status":"active","escalating":true,"summary":"Talks resumed in Cairo · Hostage exchange discussed · Aid trucks queued","durationDays":3,"briefCount":3,"entryCount":3,"updateLabel":"Updated today","firstSeenLabel":"January 8, 2026","lastSeenLabel":"January 10, 2026","entries":[{"id":15,"dateShortLabel":"Jan 10","title":"Gaza — ceasefire holds","description":"Talks resumed in Cairo · Hostage exchange discussed · Aid trucks queued","briefSlug":"8","briefNumber":8,"disputed":false},{"id":13,"dateShortLabel":"Jan 9","title":"Gaza — hostage deal","description":"Talks resumed in Cairo · Hostage exchange discussed · Aid trucks queued","briefSlug":"7","briefNumber":7,"disputed":false},{"id":12,"dateShortLabel":"Jan 8","title":"Gaza — talks in Cairo","description":"Talks resumed in Cairo · Hostage exchange discussed · Aid trucks queued","briefSlug":"6","briefNumber":6,"disputed":false}]}
