{"status":200,"cache-control":null}
{"id":1,"title":"Gaza — ceasefire holds","status":"active","escalating":true,"summary":"Talks resumed in Cairo · Hostage exchange discussed · Aid trucks queued","durationDays":3,"briefCount":3,"entryCount":3,"updateLabel":"今日更新","firstSeenCN":"{D-2 年月日}","lastSeenCN":"{D+0 年月日}","entries":[{"id":15,"dateShortCN":"{D+0 月日}","title":"Gaza — ceasefire holds","description":"Talks resumed in Cairo · Hostage exchange discussed · Aid trucks queued","briefSlug":"8","briefNumber":8,"disputed":false},{"id":13,"dateShortCN":"{D-1 月日}","title":"Gaza — hostage deal","description":"Talks resumed in Cairo · Hostage exchange discussed · Aid trucks queued","briefSlug":"7","briefNumber":7,"disputed":false},{"id":12,"dateShortCN":"{D-2 月日}","title":"Gaza — talks in Cairo","description":"Talks resumed in Cairo · Hostage exchange discussed · Aid trucks queued","briefSlug":"6","briefNumber":6,"disputed":false}]}
