{"status":200,"cache-control":null}
{"id":2,"title":"Iran — new sanctions","status":"active","escalating":true,"summary":"Iran oil exports fell · US Treasury added sanctions","durationDays":4,"briefCount":2,"entryCount":2,"updateLabel":"昨日更新","firstSeenCN":"{D-4 年月日}","lastSeenCN":"{D-1 年月日}","entries":[{"id":14,"dateShortCN":"{D-1 月日}","title":"Iran — new sanctions","description":"Iran oil exports fell · US Treasury added sanctions","briefSlug":"7","briefNumber":7,"disputed":false},{"id":7,"dateShortCN":"{D-4 月日}","title":"Iran — oil exports","description":"Iran oil exports fell · US Treasury added sanctions","briefSlug":"4","briefNumber":4,"disputed":false}]}
