{"status":200,"cache-control":null}
{"id":3,"title":"Europe — Greek fires","status":"active","escalating":false,"summary":"Fires spread in Greece · Evacuations ordered","durationDays":4,"briefCount":2,"entryCount":2,"updateLabel":"Updated 3 days ago","firstSeenLabel":"January 4, 2026","lastSeenLabel":"January 7, 2026","entries":[{"id":9,"dateShortLabel":"Jan 7","title":"Europe — Greek fires","description":"Fires spread in Greece · Evacuations ordered","briefSlug":"5","briefNumber":5,"disputed":false},{"id":10,"dateShortLabel":"Jan 7","title":"Europe — fire smoke","description":"Smoke reached Italy","briefSlug":"5","briefNumber":5,"disputed":true},{"id":11,"dateShortLabel":"Jan 7","title":"Europe — fire insurance","description":"","briefSlug":"5","briefNumber":5,"disputed":true},{"id":5,"dateShortLabel":"Jan 4","title":"Europe — wildfires spread","description":"Fires spread in Greece · Evacuations ordered","briefSlug":"3","briefNumber":3,"disputed":false}]}
