{"status":200,"path":"/reader/briefs/2"}
{"id":2,"createdAt":"{D-20}T12:00:00.000Z","title":"ukraine、sanctions","content":"An intro paragraph with no heading.\n\n<u>sanctions widen</u>\nThe EU added 12 entities.\n\nOfficials said more would follow.\n## noteworthy & under-reported\n- There are no clusters related to China in the provided <curated_news_data>.\n- A dam report was released.","tldrProse":"Talks **stalled** as *sanctions* widened and `tariffs` rose.","usedArticles":2,"usedSources":1,"sources":[{"name":"Beta Wire","articles":[{"title":"beta article 104","url":"https://beta.example.com/104"},{"title":"beta article 106","url":"https://beta.example.com/106"}]}],"sourceArticleCount":2}
