{"status":200,"path":"/reader/briefs?limit=3&offset=2"}
{"items":[{"id":6,"createdAt":"{D-2}T12:00:00.000Z","title":"gaza talks","tldrProse":"Talks moved to Cairo.","storyCount":1,"wordCount":9},{"id":5,"createdAt":"{D-3}T12:00:00.000Z","title":"wildfires, europe","tldrProse":"Fires spread across southern Europe.","storyCount":2,"wordCount":16},{"id":4,"createdAt":"{D-4}T12:00:00.000Z","title":"iran oil","tldrProse":"Iran oil exports fell sharply this week, according to shipping data compiled by several independent trackers, and analysts expect further declines as new sanctions take effect and buyers in Asia look elsewhere for supply.","storyCount":2,"wordCount":15}],"matched":8,"total":8,"earliest":"{D-25}T12:00:00.000Z"}
