{"status":200,"path":"/reader/briefs/1"}
{"id":1,"createdAt":"{D-25}T12:00:00.000Z","title":"ukraine, energy prices","content":"## global landscape\n\n## europe\n<u>ukraine peace talks</u>\nNegotiators met in Geneva.\n\nA second round is planned.\n<u>energy prices</u>\nGas prices fell 3%.","tldrProse":null,"usedArticles":4,"usedSources":2,"sources":[{"name":"Alpha News","articles":[{"title":"alpha article 01","url":"https://alpha.example.com/01"},{"title":"alpha article 02","url":"https://alpha.example.com/02"},{"title":"alpha article 03","url":"https://alpha.example.com/03"}]},{"name":"Beta Wire","articles":[{"title":"beta article 104","url":"https://beta.example.com/104"}]}],"sourceArticleCount":4}
