{"status":200,"path":"/reader/countries/IL/blocks?section=placement&limit=20&offset=0"}
{"country":"IL","section":"placement","total":3,"items":[{"id":4,"brief":{"id":8,"createdAt":"{D+0}T12:00:00.000Z"},"storyId":15,"tier":"lead","position":0,"title":"gaza ceasefire holds","body":"The ceasefire held for a third day.\n\nAid deliveries rose.","countries":{"placement":"IL","mentions":[]}},{"id":2,"brief":{"id":7,"createdAt":"{D-1}T12:00:00.000Z"},"storyId":13,"tier":"lead","position":0,"title":"hostage deal","body":"A deal was reached.","countries":{"placement":"IL","mentions":[]}},{"id":1,"brief":{"id":6,"createdAt":"{D-2}T12:00:00.000Z"},"storyId":12,"tier":"lead","position":0,"title":"gaza talks in cairo","body":"Talks resumed.","countries":{"placement":"IL","mentions":[]}}]}
