{"status":200,"path":"/reader/countries/IL/blocks?section=mention&limit=20&offset=0"}
{"country":"IL","section":"mention","total":1,"items":[{"id":3,"brief":{"id":7,"createdAt":"{D-1}T12:00:00.000Z"},"storyId":14,"tier":"lead","position":1,"title":"iran sanctions","body":"New sanctions were announced.","countries":{"placement":null,"mentions":["IL","IR"]}}]}
