{"status":200,"path":"/reader/following?countries=IL&threads=2&limit=2&offset=1"}
{"total":4,"items":[{"id":2,"brief":{"id":7,"createdAt":"{D-1}T12:00:00.000Z"},"storyId":13,"tier":"lead","position":0,"title":"hostage deal","body":"A deal was reached.","countries":{"placement":"IL","mentions":[]},"matches":[{"kind":"country","code":"IL","via":"placement"}]},{"id":3,"brief":{"id":7,"createdAt":"{D-1}T12:00:00.000Z"},"storyId":14,"tier":"lead","position":1,"title":"iran sanctions","body":"New sanctions were announced.","countries":{"placement":null,"mentions":["IL","IR"]},"matches":[{"kind":"country","code":"IL","via":"mention"},{"kind":"thread","id":2}]}],"threads":[{"id":2,"title":"Iran — new sanctions","briefCount":2}]}
