{"status":200,"path":"/reader/search?q=holding&limit=1&offset=1"}
{"query":"holding","total":2,"totalBlocks":2,"items":[{"thread":null,"blockCount":1,"blocks":[{"id":5,"brief":{"id":8,"createdAt":"{D+0}T12:00:00.000Z"},"storyId":16,"tier":"more","position":1,"title":"fed holds rates","body":"The Fed held rates at 4.25%."}]}]}
