{"status":200,"path":"/reader/search?q=holding&limit=20&offset=0"}
{"query":"holding","total":2,"totalBlocks":2,"items":[{"thread":{"id":1,"title":"Gaza — ceasefire holds","briefCount":3},"blockCount":1,"blocks":[{"id":4,"brief":{"id":8,"createdAt":"{D+0}T12:00:00.000Z"},"storyId":15,"tier":"lead","position":0,"title":"gaza ceasefire holds","body":"The ceasefire held for a third day.\n\nAid deliveries rose."}]},{"thread":null,"blockCount":1,"blocks":[{"id":5,"brief":{"id":8,"createdAt":"{D+0}T12:00:00.000Z"},"storyId":16,"tier":"more","position":1,"title":"fed holds rates","body":"The Fed held rates at 4.25%."}]}]}
