{"status":200,"path":"/reader/stories/2"}
{"id":2,"title":"Iran — new sanctions","status":"active","escalating":true,"summary":"Iran oil exports fell · US Treasury added sanctions","durationDays":4,"briefCount":2,"entryCount":2,"daysSinceUpdate":1,"firstSeenAt":"{D-4}T12:00:00.000Z","lastSeenAt":"{D-1}T12:00:00.000Z","entries":[{"id":14,"createdAt":"{D-1}T12:00:00.000Z","title":"Iran — new sanctions","description":"Iran oil exports fell · US Treasury added sanctions","reportId":7,"disputed":false},{"id":7,"createdAt":"{D-4}T12:00:00.000Z","title":"Iran — oil exports","description":"Iran oil exports fell · US Treasury added sanctions","reportId":4,"disputed":false}]}
