{"status":200,"path":"/reader/stories/1"}
{"id":1,"title":"Gaza — ceasefire holds","status":"active","escalating":true,"summary":"Talks resumed in Cairo · Hostage exchange discussed · Aid trucks queued","durationDays":3,"briefCount":3,"entryCount":3,"daysSinceUpdate":0,"firstSeenAt":"{D-2}T12:00:00.000Z","lastSeenAt":"{D+0}T12:00:00.000Z","entries":[{"id":15,"createdAt":"{D+0}T12:00:00.000Z","title":"Gaza — ceasefire holds","description":"Talks resumed in Cairo · Hostage exchange discussed · Aid trucks queued","reportId":8,"disputed":false},{"id":13,"createdAt":"{D-1}T12:00:00.000Z","title":"Gaza — hostage deal","description":"Talks resumed in Cairo · Hostage exchange discussed · Aid trucks queued","reportId":7,"disputed":false},{"id":12,"createdAt":"{D-2}T12:00:00.000Z","title":"Gaza — talks in Cairo","description":"Talks resumed in Cairo · Hostage exchange discussed · Aid trucks queued","reportId":6,"disputed":false}]}
