{"status":200,"path":"/reader/stories/3"}
{"id":3,"title":"Europe — Greek fires","status":"active","escalating":false,"summary":"Fires spread in Greece · Evacuations ordered","durationDays":4,"briefCount":2,"entryCount":2,"daysSinceUpdate":3,"firstSeenAt":"{D-6}T12:00:00.000Z","lastSeenAt":"{D-3}T12:00:00.000Z","entries":[{"id":9,"createdAt":"{D-3}T12:00:00.000Z","title":"Europe — Greek fires","description":"Fires spread in Greece · Evacuations ordered","reportId":5,"disputed":false},{"id":10,"createdAt":"{D-3}T12:00:00.000Z","title":"Europe — fire smoke","description":"Smoke reached Italy","reportId":5,"disputed":true},{"id":11,"createdAt":"{D-3}T12:00:00.000Z","title":"Europe — fire insurance","description":"","reportId":5,"disputed":true},{"id":5,"createdAt":"{D-6}T12:00:00.000Z","title":"Europe — wildfires spread","description":"Fires spread in Greece · Evacuations ordered","reportId":3,"disputed":false}]}
